 Microsoft Windows [version 10.0.17763.529]
(c) 2018 Microsoft Corporation. Tous droits réservés.

C:\Users\pc>git config --global user.name "charlesdjade"

C:\Users\pc>git config --global user.email "communicationh4@gmail.com"

C:\Users\pc>git config --list
diff.astextplain.textconv=astextplain
filter.lfs.clean=git-lfs clean -- %f
filter.lfs.smudge=git-lfs smudge -- %f
filter.lfs.process=git-lfs filter-process
filter.lfs.required=true
http.sslbackend=openssl
http.sslcainfo=C:/Program Files/Git/mingw64/etc/ssl/certs/ca-bundle.crt
core.autocrlf=true
core.fscache=true
core.symlinks=false
pull.rebase=false
credential.helper=manager
credential.https://dev.azure.com.usehttppath=true
init.defaultbranch=master
user.name=charlesdjade
user.email=communicationh4@gmail.com

C:\Users\pc>mkdir mon-projet
Un sous-répertoire ou un fichier mon-projet existe déjà.

C:\Users\pc>cd mon-projet

C:\Users\pc\mon-projet>git init
Reinitialized existing Git repository in C:/Users/pc/mon-projet/.git/

C:\Users\pc\mon-projet>echo. > README.md #commande

C:\Users\pc\mon-projet>echo "mode apprentissage" > README.md

C:\Users\pc\mon-projet>git add README.md

C:\Users\pc\mon-projet>git commit -m "Premier commit"
[main 1855b54] Premier commit
 1 file changed, 1 insertion(+), 1 deletion(-)

C:\Users\pc\mon-projet>git status
On branch main
nothing to commit, working tree clean

C:\Users\pc\mon-projet>git log
commit 1855b5485bee995f3def7d55fe916a0a25cc02e4 (HEAD -> main)
Author: charlesdjade <communicationh4@gmail.com>
Date:   Fri Dec 27 15:25:49 2024 +0100

    Premier commit

commit fc309df58ae0828f71193f0be44bc872ab3c0ac9
Author: charlesdjade <communicationh4@gmail.com>
Date:   Fri Dec 27 14:41:19 2024 +0100

    Premier commit

C:\Users\pc\mon-projet>
